[36mvite v5.4.21 [32mbuilding for production...[36m[39m
transforming...
[32mΓ£ô[39m 3673 modules transformed.
rendering chunks...
computing gzip size...
[2mdist/[22m[32mindex.html                          [39m[1m[2m    1.39 kB[22m[1m[22m[2m Γöé gzip:   0.73 kB[22m
[2mdist/[22m[35massets/index-CXD2MSOP.css           [39m[1m[2m  134.28 kB[22m[1m[22m[2m Γöé gzip:  23.70 kB[22m
[2mdist/[22m[36massets/purify.es-BSKMTLSQ.js        [39m[1m[2m   26.41 kB[22m[1m[22m[2m Γöé gzip:   9.94 kB[22m
[2mdist/[22m[36massets/index.es-wXJmmDPY.js         [39m[1m[2m  150.69 kB[22m[1m[22m[2m Γöé gzip:  51.55 kB[22m
[2mdist/[22m[36massets/html2canvas.esm-CBrSDip1.js  [39m[1m[2m  201.42 kB[22m[1m[22m[2m Γöé gzip:  48.03 kB[22m
[2mdist/[22m[36massets/index-B1i_0798.js            [39m[1m[33m2,496.05 kB[39m[22m[2m Γöé gzip: 699.68 kB[22m
node.exe : [33m
At line:1 char:1
+ & "C:\Program Files\nodejs/node.exe" "C:\Program Files\nodejs/node_mo ...
+ ~~~~~~~~~~~~~~~~~~~~~~~~~~~~~~~~~~~~~~~~~~~~~~~~~~~~~~~~~~~~~~~~~~~~~
    + CategoryInfo          : NotSpecified: ([33m:String) [], RemoteException
    + FullyQualifiedErrorId : NativeCommandError
 
(!) Some chunks are larger than 500 kB after minification. Consider:
- Using dynamic import() to code-split the application
- Use build.rollupOptions.output.manualChunks to improve chunking: 
https://rollupjs.org/configuration-options/#output-manualchunks
- Adjust chunk size limit for this warning via build.chunkSizeWarningLimit.[39m
[32mΓ£ô built in 2m 59s[39m
